---
source: tests/snapshot.rs
assertion_line: 64
expression: s
---
ｸ    ｽ   ｷｪﾎｲ0 ｪﾓｼﾇﾕ2   ﾂ   ﾛﾔ
ｸ    ｽ   ｷﾙﾎｭ0  ﾓｼﾇｴｨ   ｴ   ﾛﾔ
ｸ    ｽ   9ｦﾎ 0  ﾓｼﾇｴｨ   ﾃ   ﾛﾔ
ｸ    ｽ   ｷﾍﾎ ﾄ  ﾓｼﾇｴ2   ｾ   ﾛﾔ
ｸ    ｽ   ｾ ﾎ ｫ  ﾓｼﾇｴﾋ   9   ﾛﾔ
ｸ    ｽ   ﾋ ﾎ 9  ﾓｼﾇｴﾂ   ﾍ   ﾛﾔ
ｸ    ﾒ     ﾎ ﾀ  ﾓｼﾇｴﾌ   ｸ   ﾛﾔ
ｸ    ﾈ     ﾎ    ﾓｼﾇｴｫ       ﾛﾔ
ｸ    ﾏ     ﾎ    ﾓｼﾇｴｺ       ﾛﾔ
ｸ          ﾎ    ﾓ6ﾇｴ        ﾛﾔ
ｸ          ﾎ    ﾓﾛﾇｴ        ﾛﾔ
ｸ          ｰ    ﾓ ﾇｴ        ﾛﾔ
ｸ          ﾝ    ﾓ ﾇｴ        ﾛﾔ
ｸ          ﾋ    ﾓ ﾇｴ        ﾛﾔ
