---
source: tests/snapshot.rs
expression: s
---
ｸ    ｮ   ﾊｮｭﾐﾊ 0ﾓﾕﾇｷﾉ   ｼ   8ｧ
ｸ    ｮ   ﾊｮｭ ﾍ 1ﾓﾕﾇｷｳ   ｼ   8ｧ
ｸ    ｮ   ﾊｧｭ ｪ ｰﾓﾕﾀｷ7   ｼ   8ｧ
ｸ    ｶ   ﾁｾｭ 7  ﾓｩﾀｷﾈ   ｼ   8ｧ
ｸ    ｶ   ｫｬｭ ｾ  ﾓｩﾀｷｩ   ｼ   8ｧ
ｸ    ｶ   ﾓ ｭ ﾙ  ﾓｩﾀｷ    ﾋ   8ｧ
ｸ    ｶ     ｭ    ﾓｩﾀｷ    ﾄ   ｯｧ
ｸ    ｶ     ｭ    ﾓｩﾀｷ    ﾘ   8ﾚ
ｸ    ｶ     ｭ    ﾓｩﾀｷ        8ｧ
ｸ    ｶ     ｭ    ﾓｩﾀｩ        8ｧ
ｸ    ｶ     ｭ    ﾓｩﾀｻ        8ｧ
ｸ    ﾄ     ﾅ    ﾓｩﾀﾙ        8ｧ
ｸ    ﾄ     ﾅ    ﾓｩﾀｰ        8ｧ
ｸ    ﾄ     ﾙ    ﾓﾜﾀｶ        8ｧ
